// Jest Snapshot v1, https://goo.gl/fbAQLP

exports[`[ProfileMenu] renders successfully 1`] = `
<ul
  className="profile"
/>
`;

exports[`[ProfileMenu] when has navigation items renders successfully 1`] = `
<ul
  className="profile"
>
  <NavLink
    activeClassName="active"
    className="item"
    exact={true}
    key="user"
    role="button"
    to="/home/"
  >
    <Icon
      type="user"
    />
  </NavLink>
  <NavLink
    activeClassName="active"
    className="item"
    exact={true}
    key="phone"
    role="button"
    to="/home/phone"
  >
    <Icon
      type="phone"
    />
  </NavLink>
</ul>
`;
