// Jest Snapshot v1, https://goo.gl/fbAQLP

exports[`[About] renders successfully 1`] = `
<SideCard>
  <article
    className="article"
  >
    <h1
      className="header"
    >
      about me
    </h1>
    <h2
      className="info"
    >
      <span>
        25
         years
      </span>
      <span>
        New York
      </span>
    </h2>
    <h3
      className="info"
    >
      &lt;Software Engineer&gt;
    </h3>
    <p>
      JavaScript/GoLang Developer with a Bachelor’s Degree in Computer Science in Information Technology from Belarusian State University of Informatics and Radioelectronics and 5+ years of software development experience.
    </p>
    <p>
      Analytical thinker who can solve complicated problems quickly.
    </p>
  </article>
  <article
    className="article"
  >
    <h2
      className="subheader"
    >
      my services
    </h2>
    <p>
      TBD
    </p>
  </article>
</SideCard>
`;
