// Jest Snapshot v1, https://goo.gl/fbAQLP

exports[`[Home] renders successfully 1`] = `
<main>
  <LeftMenu
    navigationItems={
      Array [
        Object {
          "icon": "user",
          "path": "",
        },
        Object {
          "icon": "phone",
          "path": "contact",
        },
        Object {
          "icon": "edit",
          "path": "blog",
        },
        Object {
          "icon": "monitor",
          "path": "works",
        },
        Object {
          "icon": "glasses",
          "path": "skills",
        },
      ]
    }
  />
  <Switch>
    <Route
      component={[Function]}
      exact={true}
      path="/home"
    />
    <Route
      component={[Function]}
      path="/home/contact"
    />
    <Route
      component={[Function]}
      path="/home/blog"
    />
    <Route
      component={[Function]}
      path="/home/works"
    />
    <Route
      component={[Function]}
      path="/home/skills"
    />
  </Switch>
</main>
`;
