// Jest Snapshot v1, https://goo.gl/fbAQLP

exports[`[Home] renders successfully 1`] = `
<main>
  <LeftMenu
    activeItem="user"
    onItemClick={[Function]}
    profileIcons={
      Array [
        "user",
        "phone",
        "edit",
        "monitor",
        "glasses",
      ]
    }
  />
</main>
`;
